```log
2026-06-11 090012 INFO AUTH User=john.doe Action=LOGIN_SUCCESS IP=192.168.1.10
2026-06-11 090125 INFO FILE User=john.doe Action=OPEN File=documentsreport.pdf
2026-06-11 090218 WARNING AUTH User=admin Action=LOGIN_FAILED IP=203.45.78.12 Reason=InvalidPassword
2026-06-11 090225 WARNING AUTH User=admin Action=LOGIN_FAILED IP=203.45.78.12 Reason=InvalidPassword
2026-06-11 090232 WARNING AUTH User=admin Action=LOGIN_FAILED IP=203.45.78.12 Reason=InvalidPassword
2026-06-11 090315 CRITICAL AUTH User=admin Action=BRUTE_FORCE_SUSPECT IP=203.45.78.12 Attempts=5

2026-06-11 090544 INFO NETWORK Connection=Established SourceIP=10.0.0.15 DestinationIP=172.16.0.20 Port=443
2026-06-11 090601 WARNING NETWORK SourceIP=45.88.21.90 Action=PORT_SCAN Target=192.168.1.100 Ports=21,22,23,80,443,3389

2026-06-11 090710 INFO DATABASE User=service_account Query=SELECT  FROM employees
2026-06-11 090745 HIGH DATABASE User=unknown Query=' OR '1'='1' -- Detection=SQL_INJECTION_ATTEMPT

2026-06-11 090830 INFO FILE User=alice Action=DOWNLOAD File=shareddesign.docx
2026-06-11 090912 HIGH FILE User=bob Action=DELETE File=financepayroll.xlsx

2026-06-11 091005 INFO SYSTEM Service=Backup Status=Started
2026-06-11 091150 INFO SYSTEM Service=Backup Status=Completed

2026-06-11 091222 WARNING AUTH User=guest Action=LOGIN_FAILED IP=198.51.100.25 Reason=UnknownUser
2026-06-11 091258 INFO AUTH User=alice Action=LOGIN_SUCCESS IP=192.168.1.22

2026-06-11 091430 CRITICAL SECURITY MalwareDetected=True File=invoice.exe Signature=Trojan.Generic.Quarantine
2026-06-11 091544 HIGH SECURITY PrivilegeEscalation User=testuser Method=SudoWithoutAuthorization

2026-06-11 091718 INFO API Endpoint=apiusers Status=200 ResponseTime=42ms
2026-06-11 091803 WARNING API Endpoint=apilogin Status=401 SourceIP=203.45.78.12

2026-06-11 092015 INFO FILE User=charlie Action=UPLOAD File=project.zip
2026-06-11 092209 HIGH FILE User=unknown Action=ACCESS_DENIED File=etcshadow

2026-06-11 092533 INFO NETWORK VPNUser=remote.employee Status=Connected IP=100.64.10.5
2026-06-11 092747 CRITICAL NETWORK DDoSIndicator=True SourceIP=185.220.101.55 RequestsPerSecond=15000

2026-06-11 093000 INFO SYSTEM HealthCheck Status=PASS
```
